// Jest Snapshot v1, https://goo.gl/fbAQLP

exports[`MediumSlideSkeleton should render properly 1`] = `
<View
  style={
    [
      {
        "alignItems": "center",
        "backgroundColor": "#27241D",
        "display": "flex",
        "justifyContent": "center",
      },
      {
        "borderRadius": 2,
        "height": 200,
        "width": 200,
      },
    ]
  }
>
  <View
    style={
      {
        "height": "100%",
        "width": "100%",
      }
    }
  >
    <View
      style={
        {
          "alignItems": "center",
          "flex": 1,
          "justifyContent": "flex-end",
        }
      }
    >
      <View
        style={
          {
            "borderRadius": 4,
            "height": "20%",
            "paddingVertical": 4,
            "width": "50%",
          }
        }
      >
        <View
          style={
            {
              "backgroundColor": "#504B3E",
              "borderRadius": 4,
              "flex": 1,
            }
          }
        />
      </View>
      <View
        style={
          {
            "height": "15%",
            "paddingVertical": 4,
            "width": "70%",
          }
        }
      >
        <View
          style={
            {
              "backgroundColor": "#504B3E",
              "borderRadius": 4,
              "flex": 1,
            }
          }
        />
      </View>
    </View>
  </View>
</View>
`;
